// Jest Snapshot v1, https://goo.gl/fbAQLP

exports[`matches snapshot of Navbar component 1`] = `
<nav
  className="navbar navbar-light bg-light"
>
  <a
    className="navbar-brand"
    href="/"
  >
    <img
      alt="logo"
      src="logo.png"
    />
  </a>
</nav>
`;
